 * Running on http://127.0.0.1:5000/ (Press CTRL+C to quit)
127.0.0.1 - - [10/Aug/2020 18:18:38] "[37mGET / HTTP/1.1[0m" 200 -
127.0.0.1 - - [10/Aug/2020 18:18:40] "[37mGET / HTTP/1.1[0m" 200 -
127.0.0.1 - - [10/Aug/2020 18:18:41] "[37mGET / HTTP/1.1[0m" 200 -
127.0.0.1 - - [10/Aug/2020 18:18:41] "[37mGET / HTTP/1.1[0m" 200 -
127.0.0.1 - - [10/Aug/2020 18:18:41] "[37mGET / HTTP/1.1[0m" 200 -
 * Running on http://127.0.0.1:5000/ (Press CTRL+C to quit)
127.0.0.1 - - [10/Aug/2020 18:20:40] "[37mGET / HTTP/1.1[0m" 200 -
127.0.0.1 - - [10/Aug/2020 18:20:41] "[37mGET / HTTP/1.1[0m" 200 -
127.0.0.1 - - [10/Aug/2020 18:20:42] "[37mGET / HTTP/1.1[0m" 200 -
127.0.0.1 - - [10/Aug/2020 18:20:43] "[37mGET / HTTP/1.1[0m" 200 -
127.0.0.1 - - [10/Aug/2020 18:20:44] "[37mGET / HTTP/1.1[0m" 200 -
127.0.0.1 - - [10/Aug/2020 18:20:52] "[37mPOST /getdelay HTTP/1.1[0m" 200 -
127.0.0.1 - - [10/Aug/2020 18:21:12] "[37mPOST /getdelay HTTP/1.1[0m" 200 -
 * Running on http://127.0.0.1:5000/ (Press CTRL+C to quit)
127.0.0.1 - - [10/Aug/2020 18:21:26] "[37mPOST /getdelay HTTP/1.1[0m" 200 -
127.0.0.1 - - [10/Aug/2020 18:21:48] "[37mPOST /getdelay HTTP/1.1[0m" 200 -
127.0.0.1 - - [10/Aug/2020 18:22:35] "[37mGET / HTTP/1.1[0m" 200 -
127.0.0.1 - - [10/Aug/2020 18:22:35] "[37mGET / HTTP/1.1[0m" 200 -
127.0.0.1 - - [10/Aug/2020 18:22:37] "[37mGET / HTTP/1.1[0m" 200 -
127.0.0.1 - - [10/Aug/2020 18:22:40] "[37mPOST /getdelay HTTP/1.1[0m" 200 -
127.0.0.1 - - [10/Aug/2020 18:22:45] "[37mPOST /getdelay HTTP/1.1[0m" 200 -
127.0.0.1 - - [10/Aug/2020 18:23:14] "[37mPOST /getdelay HTTP/1.1[0m" 200 -
 * Running on http://127.0.0.1:5000/ (Press CTRL+C to quit)
127.0.0.1 - - [10/Aug/2020 18:23:44] "[37mGET / HTTP/1.1[0m" 200 -
127.0.0.1 - - [10/Aug/2020 18:23:45] "[37mGET / HTTP/1.1[0m" 200 -
127.0.0.1 - - [10/Aug/2020 18:23:48] "[37mPOST /getdelay HTTP/1.1[0m" 200 -
 * Running on http://127.0.0.1:5000/ (Press CTRL+C to quit)
127.0.0.1 - - [10/Aug/2020 18:29:37] "[35m[1mPOST /getdelay HTTP/1.1[0m" 500 -
 * Running on http://127.0.0.1:5000/ (Press CTRL+C to quit)
127.0.0.1 - - [10/Aug/2020 18:30:38] "[37mGET / HTTP/1.1[0m" 200 -
127.0.0.1 - - [10/Aug/2020 18:30:45] "[37mPOST /getdelay HTTP/1.1[0m" 200 -
 * Running on http://127.0.0.1:5000/ (Press CTRL+C to quit)
127.0.0.1 - - [10/Aug/2020 18:32:50] "[37mPOST /getdelay HTTP/1.1[0m" 200 -
127.0.0.1 - - [10/Aug/2020 18:32:53] "[37mPOST /getdelay HTTP/1.1[0m" 200 -
127.0.0.1 - - [10/Aug/2020 18:32:57] "[37mPOST /getdelay HTTP/1.1[0m" 200 -
127.0.0.1 - - [10/Aug/2020 18:33:06] "[37mPOST /getdelay HTTP/1.1[0m" 200 -
127.0.0.1 - - [10/Aug/2020 18:33:16] "[37mPOST /getdelay HTTP/1.1[0m" 200 -
127.0.0.1 - - [10/Aug/2020 18:33:53] "[37mPOST /getdelay HTTP/1.1[0m" 200 -
 * Running on http://127.0.0.1:5000/ (Press CTRL+C to quit)
127.0.0.1 - - [10/Aug/2020 18:34:58] "[37mPOST /getdelay HTTP/1.1[0m" 200 -
 * Running on http://127.0.0.1:5000/ (Press CTRL+C to quit)
127.0.0.1 - - [10/Aug/2020 18:37:01] "[37mPOST /getdelay HTTP/1.1[0m" 200 -
127.0.0.1 - - [10/Aug/2020 18:37:04] "[37mPOST /getdelay HTTP/1.1[0m" 200 -
127.0.0.1 - - [10/Aug/2020 18:37:20] "[37mPOST /getdelay HTTP/1.1[0m" 200 -
127.0.0.1 - - [10/Aug/2020 18:37:28] "[37mPOST /getdelay HTTP/1.1[0m" 200 -
 * Running on http://127.0.0.1:5000/ (Press CTRL+C to quit)
127.0.0.1 - - [10/Aug/2020 18:44:16] "[37mGET / HTTP/1.1[0m" 200 -
127.0.0.1 - - [10/Aug/2020 18:44:50] "[37mPOST /getdelay HTTP/1.1[0m" 200 -
 * Running on http://127.0.0.1:5000/ (Press CTRL+C to quit)
127.0.0.1 - - [10/Aug/2020 18:47:32] "[37mGET / HTTP/1.1[0m" 200 -
127.0.0.1 - - [10/Aug/2020 18:47:32] "[33mGET /static/css/main.css HTTP/1.1[0m" 404 -
127.0.0.1 - - [10/Aug/2020 18:47:37] "[37mGET / HTTP/1.1[0m" 200 -
127.0.0.1 - - [10/Aug/2020 18:47:37] "[33mGET /static/css/main.css HTTP/1.1[0m" 404 -
 * Running on http://127.0.0.1:5000/ (Press CTRL+C to quit)
127.0.0.1 - - [10/Aug/2020 18:49:18] "[37mGET / HTTP/1.1[0m" 200 -
127.0.0.1 - - [10/Aug/2020 18:49:18] "[37mGET /static/styles/main.css HTTP/1.1[0m" 200 -
 * Running on http://127.0.0.1:5000/ (Press CTRL+C to quit)
127.0.0.1 - - [10/Aug/2020 18:50:04] "[37mGET / HTTP/1.1[0m" 200 -
 * Running on http://127.0.0.1:5000/ (Press CTRL+C to quit)
127.0.0.1 - - [10/Aug/2020 18:50:46] "[37mGET / HTTP/1.1[0m" 200 -
 * Running on http://127.0.0.1:5000/ (Press CTRL+C to quit)
127.0.0.1 - - [10/Aug/2020 18:53:06] "[37mGET / HTTP/1.1[0m" 200 -
 * Running on http://127.0.0.1:5000/ (Press CTRL+C to quit)
127.0.0.1 - - [10/Aug/2020 18:53:27] "[37mGET / HTTP/1.1[0m" 200 -
127.0.0.1 - - [10/Aug/2020 18:53:28] "[37mGET / HTTP/1.1[0m" 200 -
 * Running on http://127.0.0.1:5000/ (Press CTRL+C to quit)
127.0.0.1 - - [10/Aug/2020 18:53:49] "[37mGET / HTTP/1.1[0m" 200 -
 * Running on http://127.0.0.1:5000/ (Press CTRL+C to quit)
127.0.0.1 - - [10/Aug/2020 18:54:27] "[37mGET / HTTP/1.1[0m" 200 -
 * Running on http://127.0.0.1:5000/ (Press CTRL+C to quit)
127.0.0.1 - - [10/Aug/2020 18:54:47] "[37mGET / HTTP/1.1[0m" 200 -
 * Running on http://127.0.0.1:5000/ (Press CTRL+C to quit)
127.0.0.1 - - [10/Aug/2020 18:55:15] "[37mGET / HTTP/1.1[0m" 200 -
127.0.0.1 - - [10/Aug/2020 18:55:30] "[37mPOST /getdelay HTTP/1.1[0m" 200 -
 * Running on http://127.0.0.1:5000/ (Press CTRL+C to quit)
127.0.0.1 - - [10/Aug/2020 18:58:58] "[37mGET / HTTP/1.1[0m" 200 -
127.0.0.1 - - [10/Aug/2020 18:59:00] "[35m[1mPOST /getdelay HTTP/1.1[0m" 500 -
 * Running on http://127.0.0.1:5000/ (Press CTRL+C to quit)
127.0.0.1 - - [10/Aug/2020 18:59:19] "[35m[1mPOST /getdelay HTTP/1.1[0m" 500 -
 * Running on http://127.0.0.1:5000/ (Press CTRL+C to quit)
127.0.0.1 - - [10/Aug/2020 19:02:38] "[37mPOST /getdelay HTTP/1.1[0m" 200 -
 * Running on http://127.0.0.1:5000/ (Press CTRL+C to quit)
127.0.0.1 - - [10/Aug/2020 19:03:50] "[37mPOST /getdelay HTTP/1.1[0m" 200 -
 * Running on http://127.0.0.1:5000/ (Press CTRL+C to quit)
127.0.0.1 - - [10/Aug/2020 19:04:56] "[37mGET / HTTP/1.1[0m" 200 -
127.0.0.1 - - [10/Aug/2020 19:05:00] "[37mGET / HTTP/1.1[0m" 200 -
127.0.0.1 - - [10/Aug/2020 19:05:04] "[37mGET / HTTP/1.1[0m" 200 -
127.0.0.1 - - [10/Aug/2020 19:05:08] "[37mGET / HTTP/1.1[0m" 200 -
127.0.0.1 - - [10/Aug/2020 19:05:09] "[37mGET / HTTP/1.1[0m" 200 -
127.0.0.1 - - [10/Aug/2020 19:05:09] "[37mGET / HTTP/1.1[0m" 200 -
127.0.0.1 - - [10/Aug/2020 19:05:10] "[37mGET / HTTP/1.1[0m" 200 -
127.0.0.1 - - [10/Aug/2020 19:05:11] "[37mGET / HTTP/1.1[0m" 200 -
 * Running on http://127.0.0.1:5000/ (Press CTRL+C to quit)
127.0.0.1 - - [10/Aug/2020 19:06:03] "[37mGET / HTTP/1.1[0m" 200 -
127.0.0.1 - - [10/Aug/2020 19:06:17] "[37mGET / HTTP/1.1[0m" 200 -
127.0.0.1 - - [10/Aug/2020 19:06:21] "[37mGET / HTTP/1.1[0m" 200 -
127.0.0.1 - - [10/Aug/2020 19:06:30] "[37mPOST /getdelay HTTP/1.1[0m" 200 -
 * Detected change in 'C:\\Users\\lucas\\LolPredictApp\\hello.py', reloading
 * Restarting with stat
127.0.0.1 - - [10/Aug/2020 19:08:01] "[37mGET / HTTP/1.1[0m" 200 -
 * Detected change in 'C:\\Users\\lucas\\LolPredictApp\\hello.py', reloading
